
> @workspace/rentrix@0.0.0 build /home/user/malek/rentrix-app
> node scripts/write-build-proof.mjs && vite build --config vite.config.ts


[rentrix-env-guard] تحذير: بناء الإنتاج يستخدم قيم Supabase وهمية: VITE_SUPABASE_URL أو VITE_SUPABASE_ANON_KEY مفقود
هذا مسموح في CI/التطوير المحلي لكن سيفشل في Vercel production. اضبط متغيرات حقيقية قبل الإطلاق.

vite v7.3.2 building client environment for production...
transforming...
✓ 3751 modules transformed.
rendering chunks...
[plugin vite:reporter] 
(!) /home/user/malek/rentrix-app/src/services/auth-service.ts is dynamically imported by /home/user/malek/rentrix-app/src/app/router/route-tree.ts, /home/user/malek/rentrix-app/src/app/router/route-tree.ts, /home/user/malek/rentrix-app/src/app/router/route-tree.ts but also statically imported by /home/user/malek/rentrix-app/src/hooks/use-auth.tsx, dynamic import will not move module into another chunk.

computing gzip size...
dist/public/index.html                                                    4.86 kB │ gzip:   1.89 kB
dist/public/assets/collections-section-CbsD4X9C.css                       2.17 kB │ gzip:   0.59 kB
dist/public/assets/index-DKdDk_zs.css                                   182.90 kB │ gzip:  28.35 kB
dist/public/assets/dashboard-utils-BMS0L6xB.js                            0.08 kB │ gzip:   0.10 kB
dist/public/assets/check-8amWRw6q.js                                      0.12 kB │ gzip:   0.14 kB
dist/public/assets/chevron-down-DaW4lRHd.js                               0.13 kB │ gzip:   0.14 kB
dist/public/assets/chevron-left-DXF5AtzZ.js                               0.13 kB │ gzip:   0.15 kB
dist/public/assets/plus-BzRWbW36.js                                       0.15 kB │ gzip:   0.15 kB
dist/public/assets/x-DEuBh0wR.js                                          0.16 kB │ gzip:   0.15 kB
dist/public/assets/owner-agreement-labels-DqGInLCf.js                     0.16 kB │ gzip:   0.18 kB
dist/public/assets/clock-3-CaY0OIDI.js                                    0.17 kB │ gzip:   0.17 kB
dist/public/assets/clock-B9JkdATj.js                                      0.17 kB │ gzip:   0.17 kB
dist/public/assets/arrow-left-FfzAp21c.js                                 0.17 kB │ gzip:   0.16 kB
dist/public/assets/arrow-right-BiJEygOI.js                                0.17 kB │ gzip:   0.16 kB
dist/public/assets/arrow-up-right-rDahA3Ky.js                             0.17 kB │ gzip:   0.16 kB
dist/public/assets/search-CsoFPAEv.js                                     0.17 kB │ gzip:   0.17 kB
dist/public/assets/circle-check-C8CTIiWF.js                               0.17 kB │ gzip:   0.17 kB
dist/public/assets/trending-up-CtOeNvyH.js                                0.18 kB │ gzip:   0.17 kB
dist/public/assets/user-round-CLhHJFBn.js                                 0.18 kB │ gzip:   0.18 kB
dist/public/assets/menu-n-nOQ39n.js                                       0.19 kB │ gzip:   0.16 kB
dist/public/assets/attachments-contract-8H8bvbDi.js                       0.19 kB │ gzip:   0.15 kB
dist/public/assets/flame-CH8cq2HF.js                                      0.20 kB │ gzip:   0.18 kB
dist/public/assets/useDebounce-DACZFVPd.js                                0.20 kB │ gzip:   0.17 kB
dist/public/assets/info-CeZfgoQJ.js                                       0.20 kB │ gzip:   0.18 kB
dist/public/assets/rotate-ccw-D6w4x-sh.js                                 0.20 kB │ gzip:   0.18 kB
dist/public/assets/financialMath-w9o0pLHi.js                              0.20 kB │ gzip:   0.17 kB
dist/public/assets/undo-2-DRy8S3Yx.js                                     0.21 kB │ gzip:   0.18 kB
dist/public/assets/mail-BcCkpNGY.js                                       0.21 kB │ gzip:   0.20 kB
dist/public/assets/skeleton-jch49qJm.js                                   0.22 kB │ gzip:   0.18 kB
dist/public/assets/dollar-sign-BqQKxTVE.js                                0.22 kB │ gzip:   0.19 kB
dist/public/assets/query-keys-C7Ebtmf1.js                                 0.23 kB │ gzip:   0.18 kB
dist/public/assets/ellipsis-vertical-DgktGiaL.js                          0.23 kB │ gzip:   0.17 kB
dist/public/assets/upload-mroGGsQF.js                                     0.23 kB │ gzip:   0.19 kB
dist/public/assets/download-B24y-AOB.js                                   0.23 kB │ gzip:   0.19 kB
dist/public/assets/activity-D_c9kjvd.js                                   0.24 kB │ gzip:   0.20 kB
dist/public/assets/user-check-BQTqVxon.js                                 0.24 kB │ gzip:   0.21 kB
dist/public/assets/finance-status-mapping-CheRI5jl.js                     0.24 kB │ gzip:   0.19 kB
dist/public/assets/banknote-BBmLvRCh.js                                   0.24 kB │ gzip:   0.21 kB
dist/public/assets/message-circle-C_j10cgD.js                             0.24 kB │ gzip:   0.21 kB
dist/public/assets/link-2-Deni8NAe.js                                     0.24 kB │ gzip:   0.20 kB
dist/public/assets/circle-dollar-sign-D3Xm_CgA.js                         0.24 kB │ gzip:   0.20 kB
dist/public/assets/settings-2-BfhGt9Pn.js                                 0.25 kB │ gzip:   0.19 kB
dist/public/assets/users-round-CNbh7Yla.js                                0.25 kB │ gzip:   0.22 kB
dist/public/assets/circle-alert-CyjeIvWW.js                               0.25 kB │ gzip:   0.19 kB
dist/public/assets/chart-column-C4O-B6VH.js                               0.25 kB │ gzip:   0.19 kB
dist/public/assets/eye-BgF-h0Q-.js                                        0.25 kB │ gzip:   0.20 kB
dist/public/assets/external-link-D0jYFnYB.js                              0.25 kB │ gzip:   0.20 kB
dist/public/assets/circle-play-0JK-UGc-.js                                0.25 kB │ gzip:   0.21 kB
dist/public/assets/archive-CBJ9bsVa.js                                    0.25 kB │ gzip:   0.21 kB
dist/public/assets/lock-keyhole-BJkHXpHk.js                               0.26 kB │ gzip:   0.22 kB
dist/public/assets/amount-LVYm2YEh.js                                     0.26 kB │ gzip:   0.21 kB
dist/public/assets/zap-Da0mdSES.js                                        0.26 kB │ gzip:   0.21 kB
dist/public/assets/report-value-schemas-BgWDklWC.js                       0.27 kB │ gzip:   0.21 kB
dist/public/assets/triangle-alert-FVI01DqC.js                             0.27 kB │ gzip:   0.22 kB
dist/public/assets/file-check-Dr7YHMTI.js                                 0.27 kB │ gzip:   0.20 kB
dist/public/assets/list-checks-CxJYZxbt.js                                0.28 kB │ gzip:   0.19 kB
dist/public/assets/pencil-BQ8fSp2Y.js                                     0.28 kB │ gzip:   0.23 kB
dist/public/assets/wifi-CCjwLKe3.js                                       0.28 kB │ gzip:   0.21 kB
dist/public/assets/house-C77onx0P.js                                      0.28 kB │ gzip:   0.22 kB
dist/public/assets/wallet-GRfdAuoz.js                                     0.29 kB │ gzip:   0.21 kB
dist/public/assets/landing-DaBt43mT.js                                    0.29 kB │ gzip:   0.22 kB
dist/public/assets/bell-KRDSOT0r.js                                       0.29 kB │ gzip:   0.24 kB
dist/public/assets/send-Bz7flwCx.js                                       0.29 kB │ gzip:   0.23 kB
dist/public/assets/folder-open-BbT06zTT.js                                0.29 kB │ gzip:   0.22 kB
dist/public/assets/receipt-text-Bh-P7Az7.js                               0.30 kB │ gzip:   0.20 kB
dist/public/assets/wrench-D6jinZTr.js                                     0.30 kB │ gzip:   0.24 kB
dist/public/assets/file-up-Kg6mrEml.js                                    0.30 kB │ gzip:   0.21 kB
dist/public/assets/users-ChwrdKAC.js                                      0.31 kB │ gzip:   0.23 kB
dist/public/assets/badge-check-C0VMuAda.js                                0.31 kB │ gzip:   0.21 kB
dist/public/assets/shield-check-D4hgJ0_F.js                               0.32 kB │ gzip:   0.25 kB
dist/public/assets/printer-cKJNecNw.js                                    0.32 kB │ gzip:   0.24 kB
dist/public/assets/square-pen-DruhcTC5.js                                 0.32 kB │ gzip:   0.24 kB
dist/public/assets/refresh-ccw-bcLthyaZ.js                                0.32 kB │ gzip:   0.23 kB
dist/public/assets/refresh-cw-BGEfmEAK.js                                 0.32 kB │ gzip:   0.23 kB
dist/public/assets/phone-CtbWQPBE.js                                      0.32 kB │ gzip:   0.23 kB
dist/public/assets/briefcase-business-DYjMDtgv.js                         0.33 kB │ gzip:   0.25 kB
dist/public/assets/wallet-cards-PAEOHjPC.js                               0.33 kB │ gzip:   0.25 kB
dist/public/assets/trash-2-CHc0y-o5.js                                    0.33 kB │ gzip:   0.22 kB
dist/public/assets/use-crud-form-state-J638cvrX.js                        0.33 kB │ gzip:   0.24 kB
dist/public/assets/file-text-CAOtzn12.js                                  0.33 kB │ gzip:   0.22 kB
dist/public/assets/useCompanyFormatters-18N1oaRB.js                       0.34 kB │ gzip:   0.27 kB
dist/public/assets/folder-kanban-BtLKLYiT.js                              0.35 kB │ gzip:   0.25 kB
dist/public/assets/key-round-BLLQBQio.js                                  0.35 kB │ gzip:   0.26 kB
dist/public/assets/share-2-lek9bw4U.js                                    0.35 kB │ gzip:   0.23 kB
dist/public/assets/shield-alert-B8IhY5IK.js                               0.35 kB │ gzip:   0.26 kB
dist/public/assets/export-menu-CSI-gcoy.js                                0.36 kB │ gzip:   0.28 kB
dist/public/assets/scale-BC3EaB8v.js                                      0.36 kB │ gzip:   0.24 kB
dist/public/assets/door-open-B6KfL5m_.js                                  0.37 kB │ gzip:   0.25 kB
dist/public/assets/financial-cache-DPPPR4cB.js                            0.37 kB │ gzip:   0.25 kB
dist/public/assets/calendar-clock-YvzGg4Ry.js                             0.37 kB │ gzip:   0.25 kB
dist/public/assets/life-buoy-BwxaeEAV.js                                  0.38 kB │ gzip:   0.23 kB
dist/public/assets/file-spreadsheet-Dvl8AHTP.js                           0.38 kB │ gzip:   0.23 kB
dist/public/assets/building-2-DnjkDxX7.js                                 0.38 kB │ gzip:   0.24 kB
dist/public/assets/financials-formatters-CNvFNY2q.js                      0.38 kB │ gzip:   0.27 kB
dist/public/assets/badge-dollar-sign-BBR-cSr4.js                          0.39 kB │ gzip:   0.25 kB
dist/public/assets/file-pen-line-D8c7C5dI.js                              0.40 kB │ gzip:   0.27 kB
dist/public/assets/map-pinned-DPAkYnZ8.js                                 0.40 kB │ gzip:   0.29 kB
dist/public/assets/property-status-D3wRbu8Q.js                            0.40 kB │ gzip:   0.34 kB
dist/public/assets/landmark-Dj8UvFGO.js                                   0.40 kB │ gzip:   0.26 kB
dist/public/assets/business-reference-BTev_erU.js                         0.41 kB │ gzip:   0.26 kB
dist/public/assets/hand-coins-DDB-r8NI.js                                 0.41 kB │ gzip:   0.29 kB
dist/public/assets/money-CVueBH_Y.js                                      0.41 kB │ gzip:   0.28 kB
dist/public/assets/clipboard-list-CQ7ziZKc.js                             0.41 kB │ gzip:   0.26 kB
dist/public/assets/retryable-command-BNjxfBZl.js                          0.42 kB │ gzip:   0.28 kB
dist/public/assets/calendar-range-BBjor92V.js                             0.42 kB │ gzip:   0.26 kB
dist/public/assets/layers-PQpkyI-K.js                                     0.42 kB │ gzip:   0.24 kB
dist/public/assets/sliders-horizontal-CQL2yggt.js                         0.43 kB │ gzip:   0.24 kB
dist/public/assets/companySettingsContractAdapter-D407vsLl.js             0.43 kB │ gzip:   0.26 kB
dist/public/assets/octagon-alert-D8w15lz3.js                              0.43 kB │ gzip:   0.25 kB
dist/public/assets/handshake-BvvB0xav.js                                  0.45 kB │ gzip:   0.29 kB
dist/public/assets/invoice-amounts-BZxc9gz-.js                            0.46 kB │ gzip:   0.27 kB
dist/public/assets/tabular-export-CwG_kT_X.js                             0.46 kB │ gzip:   0.33 kB
dist/public/assets/aging-buckets-DVUOQ2i_.js                              0.46 kB │ gzip:   0.30 kB
dist/public/assets/textarea-Cgz_ndEM.js                                   0.48 kB │ gzip:   0.34 kB
dist/public/assets/layout-dashboard-Bf-R20d8.js                           0.48 kB │ gzip:   0.28 kB
dist/public/assets/settings-D-OjyW6G.js                                   0.48 kB │ gzip:   0.26 kB
dist/public/assets/sparkles-DjgpoHGO.js                                   0.50 kB │ gzip:   0.28 kB
dist/public/assets/calendar-days-NV2R650i.js                              0.50 kB │ gzip:   0.27 kB
dist/public/assets/financials-date-utils-D1Dsijca.js                      0.51 kB │ gzip:   0.34 kB
dist/public/assets/select-d6pVR4h3.js                                     0.51 kB │ gzip:   0.35 kB
dist/public/assets/help-context-CEpOm7Ei.js                               0.54 kB │ gzip:   0.38 kB
dist/public/assets/companyFormatters-BC-jCvX3.js                          0.57 kB │ gzip:   0.28 kB
dist/public/assets/contractStatus-Dy79q0bf.js                             0.57 kB │ gzip:   0.33 kB
dist/public/assets/quick-preview-xiyp4m98.js                              0.58 kB │ gzip:   0.37 kB
dist/public/assets/useSettingsSection-DDiUeK6u.js                         0.58 kB │ gzip:   0.34 kB
dist/public/assets/page-layout-BAUQ8MZz.js                                0.58 kB │ gzip:   0.37 kB
dist/public/assets/action-service-D1UYXYYx.js                             0.58 kB │ gzip:   0.34 kB
dist/public/assets/csvExport-ClxGPjJt.js                                  0.60 kB │ gzip:   0.37 kB
dist/public/assets/message-square-text-aFrWOfMm.js                        0.63 kB │ gzip:   0.38 kB
dist/public/assets/sun-BxBJPDVL.js                                        0.64 kB │ gzip:   0.35 kB
dist/public/assets/user-round-cog-9wogOmDt.js                             0.66 kB │ gzip:   0.34 kB
dist/public/assets/data-error-screen-BxoC2vls.js                          0.67 kB │ gzip:   0.48 kB
dist/public/assets/async-content-state-QHURjDCY.js                        0.67 kB │ gzip:   0.42 kB
dist/public/assets/folder-cog-DBcj9MXC.js                                 0.68 kB │ gzip:   0.36 kB
dist/public/assets/reports-product.e2e-fixture-D8kv8LEd.js                0.70 kB │ gzip:   0.42 kB
dist/public/assets/background-location-X_LIuRem.js                        0.72 kB │ gzip:   0.42 kB
dist/public/assets/quick-collect-B83d9OeR.js                              0.72 kB │ gzip:   0.42 kB
dist/public/assets/terms-CHqoHPqw.js                                      0.76 kB │ gzip:   0.44 kB
dist/public/assets/privacy-B0cLq4xz.js                                    0.76 kB │ gzip:   0.44 kB
dist/public/assets/detail-fields-BE4pnuG8.js                              0.78 kB │ gzip:   0.47 kB
dist/public/assets/section-header-D21k3_HD.js                             0.79 kB │ gzip:   0.44 kB
dist/public/assets/_auth-ByQ8fQn8.js                                      0.80 kB │ gzip:   0.47 kB
dist/public/assets/responsive-card-grid-XFUP8t00.js                       0.85 kB │ gzip:   0.41 kB
dist/public/assets/maintenanceStatus-BB3Zpjni.js                          0.85 kB │ gzip:   0.44 kB
dist/public/assets/document-readiness-notice-5SKU1Ouw.js                  0.86 kB │ gzip:   0.57 kB
dist/public/assets/badge-B3idImbH.js                                      0.88 kB │ gzip:   0.48 kB
dist/public/assets/access-denied-CyA3ZAT8.js                              0.89 kB │ gzip:   0.60 kB
dist/public/assets/operational-expenses-rAJWZDrh.js                       0.95 kB │ gzip:   0.57 kB
dist/public/assets/whatsapp-share-BW4owI3w.js                             0.95 kB │ gzip:   0.51 kB
dist/public/assets/accounting-report-authority-BYCrFIZa.js                0.95 kB │ gzip:   0.55 kB
dist/public/assets/tax-readiness-boundary-DtRhla51.js                     0.96 kB │ gzip:   0.60 kB
dist/public/assets/invoice-status-labels-DkjYxNaz.js                      0.96 kB │ gzip:   0.47 kB
dist/public/assets/list-page-DStJhbWs.js                                  1.00 kB │ gzip:   0.48 kB
dist/public/assets/input-B7BWCXaC.js                                      1.08 kB │ gzip:   0.57 kB
dist/public/assets/preload-runtime-BXl3LOEh.js                            1.11 kB │ gzip:   0.65 kB
dist/public/assets/use-properties-Ted9t3nk.js                             1.11 kB │ gzip:   0.57 kB
dist/public/assets/maintenance-helpers-DoIGAVSH.js                        1.18 kB │ gzip:   0.68 kB
dist/public/assets/entity-cell-EOnaK0Ca.js                                1.18 kB │ gzip:   0.60 kB
dist/public/assets/useInvoices-C153zvy4.js                                1.19 kB │ gzip:   0.67 kB
dist/public/assets/settings-form-fields-CxbLMlJ0.js                       1.23 kB │ gzip:   0.57 kB
dist/public/assets/embeddable-workspace-CYHbf5_Y.js                       1.26 kB │ gzip:   0.60 kB
dist/public/assets/settings-section-card-CYWWhOUQ.js                      1.30 kB │ gzip:   0.66 kB
dist/public/assets/use-lands-Dl-HZumE.js                                  1.34 kB │ gzip:   0.70 kB
dist/public/assets/useUnitContractDrafts-T8iA6U8G.js                      1.34 kB │ gzip:   0.66 kB
dist/public/assets/reports-page-BtpwWSnF.js                               1.35 kB │ gzip:   0.78 kB
dist/public/assets/maintenance-attention-DkG0Ao6_.js                      1.35 kB │ gzip:   0.80 kB
dist/public/assets/paginatedRead-BY7Sifi7.js                              1.36 kB │ gzip:   0.80 kB
dist/public/assets/audit-log-service-CtQxOtij.js                          1.37 kB │ gzip:   0.75 kB
dist/public/assets/menu-click-shield-DhR5-cur.js                          1.40 kB │ gzip:   0.69 kB
dist/public/assets/ui-store-Bg4dgvXq.js                                   1.42 kB │ gzip:   0.71 kB
dist/public/assets/unit-schema-B-8LClp5.js                                1.51 kB │ gzip:   0.77 kB
dist/public/assets/selection-card-CrhfA3Jd.js                             1.57 kB │ gzip:   0.74 kB
dist/public/assets/permission-request-service-aBBpoF0L.js                 1.58 kB │ gzip:   0.68 kB
dist/public/assets/use-people-Dn4OAAOa.js                                 1.58 kB │ gzip:   0.71 kB
dist/public/assets/entity-detail-header-DrWODhQE.js                       1.63 kB │ gzip:   0.76 kB
dist/public/assets/receipt-relationships-iZMNwezI.js                      1.64 kB │ gzip:   0.71 kB
dist/public/assets/financial-report-rows-CfQALifc.js                      1.65 kB │ gzip:   0.60 kB
dist/public/assets/status-badge-VKA6kmG-.js                               1.65 kB │ gzip:   0.64 kB
dist/public/assets/runtime-diagnostics-Ben6xYEX.js                        1.68 kB │ gzip:   0.75 kB
dist/public/assets/confirm-dialog-Bjxs22JT.js                             1.69 kB │ gzip:   0.91 kB
dist/public/assets/use-maintenance-CuU9KDh6.js                            1.75 kB │ gzip:   0.69 kB
dist/public/assets/shortStayLifecycleService-D--lROyb.js                  1.75 kB │ gzip:   0.88 kB
dist/public/assets/NotificationsSection-VsuT5VC5.js                       1.75 kB │ gzip:   0.82 kB
dist/public/assets/malik-brand-Dlco_3eY.js                                1.77 kB │ gzip:   0.70 kB
dist/public/assets/error-state-DK3NXnnq.js                                1.78 kB │ gzip:   0.95 kB
dist/public/assets/kpi-card-C1dc6jYB.js                                   1.81 kB │ gzip:   0.93 kB
dist/public/assets/automation-workspace.e2e-fixture-D3Zvuz54.js           1.84 kB │ gzip:   0.92 kB
dist/public/assets/CostCentersSection-DFZ9VkW4.js                         1.94 kB │ gzip:   1.05 kB
dist/public/assets/data-refresh-alert-DZDoVp5R.js                         1.98 kB │ gzip:   1.01 kB
dist/public/assets/section-tabs-CyfWXRzs.js                               2.04 kB │ gzip:   1.10 kB
dist/public/assets/table-B9XVsK7N.js                                      2.08 kB │ gzip:   0.76 kB
dist/public/assets/loading-state-CzlBYx05.js                              2.09 kB │ gzip:   0.64 kB
dist/public/assets/entity-preview-dialog-Co2Efmqy.js                      2.12 kB │ gzip:   0.99 kB
dist/public/assets/service-provider-preview-dialog-JdVaXViV.js            2.15 kB │ gzip:   1.07 kB
dist/public/assets/register-summary-BHF8m3j8.js                           2.17 kB │ gzip:   1.00 kB
dist/public/assets/automation-workspace-8AFudw3q.js                       2.20 kB │ gzip:   1.18 kB
dist/public/assets/documents-vault-workspace.e2e-fixture-C6Xoay5F.js      2.22 kB │ gzip:   1.09 kB
dist/public/assets/state-surfaces-C8WEE5DK.js                             2.23 kB │ gzip:   1.01 kB
dist/public/assets/useMutation-BaogLabT.js                                2.25 kB │ gzip:   0.94 kB
dist/public/assets/usePaymentTerms-AcGMJXzX.js                            2.35 kB │ gzip:   1.00 kB
dist/public/assets/useCostCenters-B7DaNEmQ.js                             2.40 kB │ gzip:   1.00 kB
dist/public/assets/dashboard-snapshot-ByxpDJRw.js                         2.58 kB │ gzip:   1.12 kB
dist/public/assets/invoiceService-DJus_hTQ.js                             2.61 kB │ gzip:   1.23 kB
dist/public/assets/use-unsaved-changes-guard-GekCmXgZ.js                  2.68 kB │ gzip:   1.25 kB
dist/public/assets/filter-tabs-DKecB1R3.js                                2.76 kB │ gzip:   1.26 kB
dist/public/assets/utility-obligations-DBQ4T9uE.js                        2.77 kB │ gzip:   1.19 kB
dist/public/assets/deposits-workspace.e2e-fixture-Dul2_QJl.js             2.78 kB │ gzip:   1.32 kB
dist/public/assets/documentPayloadAdapters-BvVgadtd.js                    2.80 kB │ gzip:   0.89 kB
dist/public/assets/mobile-form-stepper-NJhPpPv9.js                        2.81 kB │ gzip:   1.36 kB
dist/public/assets/maintenance-service-B27OfyCA.js                        2.84 kB │ gzip:   1.28 kB
dist/public/assets/service-provider-new-route-9d5pWaiK.js                 2.86 kB │ gzip:   1.36 kB
dist/public/assets/data-table-columns-menu-Cq61x1oo.js                    3.02 kB │ gzip:   1.29 kB
dist/public/assets/owner-expense-allocation-fields-BMgU_akD.js            3.04 kB │ gzip:   1.37 kB
dist/public/assets/change-password-page-Bkgq_5_u.js                       3.05 kB │ gzip:   1.46 kB
dist/public/assets/numberToArabicWords-BDHkF7MR.js                        3.06 kB │ gzip:   1.09 kB
dist/public/assets/SystemSection-FcSM8a7b.js                              3.19 kB │ gzip:   1.24 kB
dist/public/assets/leads-service-BfPNr2yW.js                              3.22 kB │ gzip:   1.43 kB
dist/public/assets/utilities-workspace.e2e-fixture-DFj7DE-R.js            3.45 kB │ gzip:   1.59 kB
dist/public/assets/vacancy-analytics-CefqdBMl.js                          3.45 kB │ gzip:   1.63 kB
dist/public/assets/contractSchema-6WSLflIh.js                             3.49 kB │ gzip:   1.45 kB
dist/public/assets/report-route-Duoki_Mz.js                               3.54 kB │ gzip:   1.56 kB
dist/public/assets/checkbox-D9GOvyLV.js                                   3.57 kB │ gzip:   1.67 kB
dist/public/assets/DocumentsSection-Bc-HxuVQ.js                           3.58 kB │ gzip:   1.42 kB
dist/public/assets/people-service-W1wwWwPm.js                             3.59 kB │ gzip:   1.54 kB
dist/public/assets/entity-form.e2e-fixture-CYH0dCFl.js                    3.66 kB │ gzip:   1.60 kB
dist/public/assets/owner-financial-authority-service-C0dJa4by.js          3.68 kB │ gzip:   1.42 kB
dist/public/assets/service-provider-edit-route-DEtMQy4t.js                3.70 kB │ gzip:   1.72 kB
dist/public/assets/useExpenses-Ktq8IeI3.js                                3.73 kB │ gzip:   1.62 kB
dist/public/assets/useTenantWorkspace-B26h76nW.js                         3.84 kB │ gzip:   1.68 kB
dist/public/assets/useContracts-CdECW2dw.js                               3.85 kB │ gzip:   1.10 kB
dist/public/assets/bottom-sheet-BSKCGd-E.js                               3.87 kB │ gzip:   1.64 kB
dist/public/assets/person-new-route-BU7r-k_i.js                           3.88 kB │ gzip:   1.79 kB
dist/public/assets/useCompanySettings-e0V-WFlp.js                         3.89 kB │ gzip:   1.65 kB
dist/public/assets/person-edit-route-Dec14aK1.js                          3.94 kB │ gzip:   1.82 kB
dist/public/assets/action-menu-XnJ1H5EQ.js                                4.03 kB │ gzip:   1.93 kB
dist/public/assets/owner-detail.e2e-fixture-DdKeIC9O.js                   4.17 kB │ gzip:   1.98 kB
dist/public/assets/owner-detail-page-B4QVxmG4.js                          4.25 kB │ gzip:   2.04 kB
dist/public/assets/person-form-modal-DuAhFJOM.js                          4.26 kB │ gzip:   1.90 kB
dist/public/assets/owner-edit-route-DvKCKs9A.js                           4.36 kB │ gzip:   2.03 kB
dist/public/assets/ReportsCatalog-D66dgPW-.js                             4.40 kB │ gzip:   1.68 kB
dist/public/assets/contractLifecycleRules-DP48Twul.js                     4.41 kB │ gzip:   2.01 kB
dist/public/assets/ExpiringContractsSection-D3ixvsuY.js                   4.43 kB │ gzip:   2.12 kB
dist/public/assets/arrears-reports-service-DT6O8NEy.js                    4.44 kB │ gzip:   1.96 kB
dist/public/assets/use-units-DJBWrHB_.js                                  4.46 kB │ gzip:   1.73 kB
dist/public/assets/property-unit-detail-page-DhFeu0X5.js                  4.52 kB │ gzip:   2.02 kB
dist/public/assets/property-form-page-Dzr43BoH.js                         4.55 kB │ gzip:   1.98 kB
dist/public/assets/settings-workspace.e2e-fixture-CLcOut8O.js             4.55 kB │ gzip:   2.14 kB
dist/public/assets/unit-form-modal-DVkt8GCF.js                            4.60 kB │ gzip:   2.12 kB
dist/public/assets/file-attachment-field-Bb-1QRW_.js                      4.67 kB │ gzip:   2.19 kB
dist/public/assets/public-support-page-BvnB__my.js                        4.74 kB │ gzip:   1.68 kB
dist/public/assets/page-header-Bm-eMVjD.js                                4.76 kB │ gzip:   1.81 kB
dist/public/assets/lands-service-D5SSEuln.js                              4.84 kB │ gzip:   1.90 kB
dist/public/assets/supabase-error-D1O9M29I.js                             4.85 kB │ gzip:   1.89 kB
dist/public/assets/maintenance-workspace.e2e-fixture-sfJlcP2q.js          5.01 kB │ gzip:   1.85 kB
dist/public/assets/IdentitySection-BT6tynhV.js                            5.02 kB │ gzip:   1.95 kB
dist/public/assets/receipt-links-panel-Dej4hId5.js                        5.13 kB │ gzip:   1.80 kB
dist/public/assets/system-page-wnJHPX1O.js                                5.19 kB │ gzip:   2.29 kB
dist/public/assets/dashboard-workspace.e2e-fixture-CJLQVzSL.js            5.25 kB │ gzip:   2.29 kB
dist/public/assets/entity-form-DWRpKwUp.js                                5.30 kB │ gzip:   2.17 kB
dist/public/assets/audit-log-page-BflG82_S.js                             5.35 kB │ gzip:   2.50 kB
dist/public/assets/contract-detail.e2e-fixture-B4puQQOx.js                5.60 kB │ gzip:   2.74 kB
dist/public/assets/useReceipts-DtTvSqN9.js                                5.73 kB │ gzip:   2.11 kB
dist/public/assets/workbox-window.prod.es5-BBnX5xw4.js                    5.75 kB │ gzip:   2.36 kB
dist/public/assets/xlsx-export-B0ZnJW0Z.js                                5.95 kB │ gzip:   2.12 kB
dist/public/assets/reports-page.helpers-BiPvkC4s.js                       6.04 kB │ gzip:   2.49 kB
dist/public/assets/ContractFormPage-DYP-Fc7G.js                           6.20 kB │ gzip:   2.65 kB
dist/public/assets/property-service-qUBSSkF8.js                           6.24 kB │ gzip:   2.55 kB
dist/public/assets/land-detail-route-3hL8DLcL.js                          6.33 kB │ gzip:   2.64 kB
dist/public/assets/filter-bar-C6qKrZTk.js                                 6.46 kB │ gzip:   2.27 kB
dist/public/assets/route-contract-BMp_6Kdb.js                             6.69 kB │ gzip:   1.31 kB
dist/public/assets/contextual-documents-panel-CxBbqtQY.js                 6.71 kB │ gzip:   2.61 kB
dist/public/assets/contextual-documents-section-FRQ4ciPj.js               6.77 kB │ gzip:   2.87 kB
dist/public/assets/contractService-DVKH-_yU.js                            7.03 kB │ gzip:   2.17 kB
dist/public/assets/PaymentTermsSection-ClQ_5Y6u.js                        7.04 kB │ gzip:   2.73 kB
dist/public/assets/owner-settlements-service-Cg0fDT7s.js                  7.38 kB │ gzip:   2.64 kB
dist/public/assets/financials-hub.e2e-fixture-ChkkmWMd.js                 7.51 kB │ gzip:   3.11 kB
dist/public/assets/password-recovery-page-Bzup3ogu.js                     7.83 kB │ gzip:   2.72 kB
dist/public/assets/overdue-invoices-panel-Dip-wg5S.js                     8.06 kB │ gzip:   2.93 kB
dist/public/assets/service-providers-workspace.e2e-fixture-Bx9Gir5Q.js    8.11 kB │ gzip:   3.31 kB
dist/public/assets/CollectionMovementSection-NuiguNyg.js                  8.21 kB │ gzip:   3.70 kB
dist/public/assets/report-products-BxbBUimT.js                            8.24 kB │ gzip:   2.66 kB
dist/public/assets/FollowUpSection-DGnT2sbK.js                            8.25 kB │ gzip:   3.45 kB
dist/public/assets/OperationsOverviewSection-CTUpEgQJ.js                  8.29 kB │ gzip:   3.11 kB
dist/public/assets/service-provider-form-dialog-b3agRD9K.js               8.36 kB │ gzip:   2.86 kB
dist/public/assets/DeferredRevenueReportSection-DefITEBM.js               8.52 kB │ gzip:   3.23 kB
dist/public/assets/documents-vault-workspace-DKjIU9Ew.js                  8.72 kB │ gzip:   3.88 kB
dist/public/assets/useQuery-BBYz5OWj.js                                   8.82 kB │ gzip:   3.22 kB
dist/public/assets/utilities-service-XLVfLTqj.js                          9.01 kB │ gzip:   2.84 kB
dist/public/assets/settings-page-DNlt0J05.js                              9.04 kB │ gzip:   3.99 kB
dist/public/assets/useOwnerAgreements-DS86wzVq.js                         9.15 kB │ gzip:   2.96 kB
dist/public/assets/properties-list.e2e-fixture-Dd3hWV5W.js                9.26 kB │ gzip:   3.28 kB
dist/public/assets/TenantsPage-DrdSanwn.js                                9.60 kB │ gzip:   3.97 kB
dist/public/assets/ExpensesSection-D0cUM_PS.js                            9.60 kB │ gzip:   4.00 kB
dist/public/assets/_auth.login-BvZooGDu.js                                9.93 kB │ gzip:   4.01 kB
dist/public/assets/people-list-page-B_7b8AVh.js                          10.34 kB │ gzip:   4.52 kB
dist/public/assets/use-service-providers-BwJbizHD.js                     10.38 kB │ gzip:   3.22 kB
dist/public/assets/portfolio-hub-workspace-B8tJ1UVC.js                   10.61 kB │ gzip:   4.10 kB
dist/public/assets/OverviewSection-BIVId55E.js                           10.71 kB │ gzip:   4.70 kB
dist/public/assets/report-section-primitives-CK9mNLzu.js                 10.78 kB │ gzip:   3.20 kB
dist/public/assets/service-provider-detail-page-CwnkjrNs.js              10.82 kB │ gzip:   4.09 kB
dist/public/assets/PersonDossier-Cb0ad4ap.js                             11.08 kB │ gzip:   3.87 kB
dist/public/assets/OwnersPage-MYicar-R.js                                11.47 kB │ gzip:   4.38 kB
dist/public/assets/settings-workspace-model-DG5MjzlR.js                  11.50 kB │ gzip:   3.85 kB
dist/public/assets/useFinancialReports-fMFMVGoV.js                       11.52 kB │ gzip:   3.53 kB
dist/public/assets/sectionRegistry-WBH1exrB.js                           11.54 kB │ gzip:   4.64 kB
dist/public/assets/CollectionsSection-B-LqyOj_.js                        11.66 kB │ gzip:   4.88 kB
dist/public/assets/data-integrity-page-CKWmLyfu.js                       11.70 kB │ gzip:   4.44 kB
dist/public/assets/OccupancySection-CjHHCx5Y.js                          11.72 kB │ gzip:   4.73 kB
dist/public/assets/maintenance-route-Bo7t8CTo.js                         12.05 kB │ gzip:   4.69 kB
dist/public/assets/useOwners-xNpAWxpd.js                                 12.05 kB │ gzip:   3.38 kB
dist/public/assets/contracts-list.e2e-fixture-DxkvFrFr.js                12.12 kB │ gzip:   4.42 kB
dist/public/assets/maintenance.e2e-fixture-B7b1dQqx.js                   12.23 kB │ gzip:   4.16 kB
dist/public/assets/leasing-hub-workspace-BApcZ2gq.js                     12.32 kB │ gzip:   4.92 kB
dist/public/assets/TenantPreviewDialog-CMdgjmAv.js                       12.34 kB │ gzip:   4.37 kB
dist/public/assets/tenant-portal-page-BMxz9waX.js                        12.37 kB │ gzip:   3.25 kB
dist/public/assets/OverdueSection-e0CRz2Zy.js                            12.39 kB │ gzip:   5.25 kB
dist/public/assets/maintenance-list-DSgkzmyy.js                          12.72 kB │ gzip:   4.72 kB
dist/public/assets/leads-page-GZp0MdkK.js                                12.92 kB │ gzip:   4.99 kB
dist/public/assets/arrears-page-B_m6WKCe.js                              13.08 kB │ gzip:   4.94 kB
dist/public/assets/units-page-IP8-mqJ-.js                                13.09 kB │ gzip:   5.04 kB
dist/public/assets/GeneralLedgerCoreSection-bN92KyRn.js                  13.11 kB │ gzip:   4.24 kB
dist/public/assets/PropertyAnalyticsSection-DOZVhNWU.js                  13.54 kB │ gzip:   5.30 kB
dist/public/assets/owner-portal-page-Cb8a3Jtk.js                         13.66 kB │ gzip:   4.04 kB
dist/public/assets/service-providers-page-DFNMoUzc.js                    14.15 kB │ gzip:   5.20 kB
dist/public/assets/contract-attention-Cnk-ybal.js                        14.48 kB │ gzip:   5.09 kB
dist/public/assets/fixed-monthly-accrual-workspace-KkWoRJky.js           14.51 kB │ gzip:   5.31 kB
dist/public/assets/_auth.login.e2e-fixture-B112Chi1.js                   14.56 kB │ gzip:   5.05 kB
dist/public/assets/dashboard-page-ChjZPoIG.js                            15.17 kB │ gzip:   6.01 kB
dist/public/assets/UserRolesWorkspace-BfLABhNV.js                        15.27 kB │ gzip:   5.45 kB
dist/public/assets/automation-center-view-B8Y21i9Z.js                    15.95 kB │ gzip:   5.61 kB
dist/public/assets/properties-list-page-0dl0aVN0.js                      16.06 kB │ gzip:   5.96 kB
dist/public/assets/ServicesReportSection-DxeI_Dh0.js                     16.36 kB │ gzip:   6.00 kB
dist/public/assets/lands-page-ELJ1P9bB.js                                16.40 kB │ gzip:   6.20 kB
dist/public/assets/ContractDetailPage-BPaDm5Lt.js                        16.53 kB │ gzip:   6.62 kB
dist/public/assets/admin-support-page-CQNa4cxk.js                        17.10 kB │ gzip:   6.10 kB
dist/public/assets/GovernanceHubWorkspace-BNJ8PVwZ.js                    17.69 kB │ gzip:   6.47 kB
dist/public/assets/MaintenanceReportSection-Jr1m7tB5.js                  17.71 kB │ gzip:   6.61 kB
dist/public/assets/AccountingReportsSection-BmQ_R-3M.js                  18.17 kB │ gzip:   5.91 kB
dist/public/assets/FinancePage-BSWSEafY.js                               18.18 kB │ gzip:   6.04 kB
dist/public/assets/expenses-page-D_UkwW0w.js                             19.20 kB │ gzip:   6.76 kB
dist/public/assets/vendor-date-D4U5bd0a.js                               19.57 kB │ gzip:   5.56 kB
dist/public/assets/property-form-modal-CD8YeVLc.js                       19.97 kB │ gzip:   5.77 kB
dist/public/assets/StatementsSection-DYl3MRdw.js                         20.03 kB │ gzip:   6.76 kB
dist/public/assets/property-overview-page-BP7GUORs.js                    21.66 kB │ gzip:   6.63 kB
dist/public/assets/collections-section-BegEHblt.js                       22.17 kB │ gzip:   6.90 kB
dist/public/assets/entity-table-C22AlIvH.js                              22.66 kB │ gzip:   7.52 kB
dist/public/assets/owner-settlements-page-CABTn3bD.js                    22.81 kB │ gzip:   7.96 kB
dist/public/assets/commissions-page-B8M-IxH5.js                          22.98 kB │ gzip:   7.87 kB
dist/public/assets/LegalPage-BXn3_FTO.js                                 23.58 kB │ gzip:   8.65 kB
dist/public/assets/FinanceReadinessSection-dRLuZJ5E.js                   25.67 kB │ gzip:   6.88 kB
dist/public/assets/OfficeSection-Cxp0ksmH.js                             26.11 kB │ gzip:   8.59 kB
dist/public/assets/receipts-page-B8cIL3_y.js                             26.26 kB │ gzip:   8.51 kB
dist/public/assets/zod-Dy1itG79.js                                       28.64 kB │ gzip:  10.56 kB
dist/public/assets/vendor-runtime-CYgn8LQ1.js                            28.65 kB │ gzip:   9.04 kB
dist/public/assets/purify.es-Cz4mVeUR.js                                 28.98 kB │ gzip:  10.87 kB
dist/public/assets/DocumentRenderer-B068DoeG.js                          30.04 kB │ gzip:   9.98 kB
dist/public/assets/maintenance-workspace-DfyjRg0h.js                     31.76 kB │ gzip:   9.70 kB
dist/public/assets/communication-page-iF0KM8TX.js                        32.92 kB │ gzip:  10.82 kB
dist/public/assets/owner-detail-view-FDM2Ab2b.js                         34.22 kB │ gzip:   9.88 kB
dist/public/assets/utilities-workspace-OAA58TpL.js                       34.37 kB │ gzip:  10.15 kB
dist/public/assets/help-support-page-A76SOXD4.js                         34.64 kB │ gzip:  11.51 kB
dist/public/assets/dialog-DgVbiIwh.js                                    34.93 kB │ gzip:  12.28 kB
dist/public/assets/ContractsListPage-B1mBAg0O.js                         36.56 kB │ gzip:  11.79 kB
dist/public/assets/deposits-page-D59jrN1J.js                             39.29 kB │ gzip:  11.26 kB
dist/public/assets/property-detail-page-BV1uHfM6.js                      44.07 kB │ gzip:  11.67 kB
dist/public/assets/ContractDetailWorkspace-4iCUJxFR.js                   48.11 kB │ gzip:  13.88 kB
dist/public/assets/invoices-page-DJaqjrkc.js                             49.95 kB │ gzip:  15.32 kB
dist/public/assets/types-DWjNutIF.js                                     53.34 kB │ gzip:  12.23 kB
dist/public/assets/runDocumentAction-BFwdesif.js                         58.51 kB │ gzip:  14.41 kB
dist/public/assets/bank-reconciliation-page-BqmcDzrT.js                  61.62 kB │ gzip:  17.76 kB
dist/public/assets/ai-assistant-page-DeemDISR.js                         68.59 kB │ gzip:  23.12 kB
dist/public/assets/_protected-DH_KGtkt.js                                74.07 kB │ gzip:  22.30 kB
dist/public/assets/report-product-page-CboyEDIy.js                      117.75 kB │ gzip:  33.82 kB
dist/public/assets/index.es-BliUuUaV.js                                 158.87 kB │ gzip:  53.07 kB
dist/public/assets/vendor-react-bsFDJNdK.js                             185.87 kB │ gzip:  58.63 kB
dist/public/assets/vendor-supabase-32m17kJd.js                          203.67 kB │ gzip:  53.09 kB
dist/public/assets/index-BPUxWa7Z.js                                    230.51 kB │ gzip:  72.55 kB
dist/public/assets/vendor-charts-B3dy2773.js                            379.20 kB │ gzip: 104.72 kB
dist/public/assets/vendor-pdf-BI_KCuSo.js                               834.19 kB │ gzip: 236.27 kB
✓ built in 18.58s

PWA v1.3.0
mode      generateSW
precache  28 entries (428.87 KiB)
files generated
  dist/public/sw.js
  dist/public/workbox-20844bc8.js
